// Jest Snapshot v1, https://goo.gl/fbAQLP

exports[`Seo Component test expect to render Seo component 1`] = `
<Fragment>
  <HelmetWrapper
    defer={true}
    encodeSpecialCharacters={true}
  >
    <title>
      Beta News- Home
    </title>
    <link
      href="https://fonts.googleapis.com/css2?family=Nunito+Sans:ital,wght@0,300;0,400;0,600;0,700;0,800;0,900;1,400;1,600&display=swap"
      rel="stylesheet"
    />
  </HelmetWrapper>
  <SkipToContent
    content="main"
  />
</Fragment>
`;
